2024/01/18 15:31:02 - mmengine - INFO - 
------------------------------------------------------------
System environment:
    sys.platform: linux
    Python: 3.8.18 (default, Sep 11 2023, 13:40:15) [GCC 11.2.0]
    CUDA available: True
    numpy_random_seed: 1503124771
    GPU 0: NVIDIA GeForce RTX 3060 Ti
    CUDA_HOME: None
    GCC: gcc (Ubuntu 11.4.0-1ubuntu1~22.04) 11.4.0
    PyTorch: 2.1.2
    PyTorch compiling details: PyTorch built with:
  - GCC 9.3
  - C++ Version: 201703
  - Intel(R) oneAPI Math Kernel Library Version 2023.1-Product Build 20230303 for Intel(R) 64 architecture applications
  - Intel(R) MKL-DNN v3.1.1 (Git Hash 64f6bcbcbab628e96f33a62c3e975f8535a7bde4)
  - OpenMP 201511 (a.k.a. OpenMP 4.5)
  - LAPACK is enabled (usually provided by MKL)
  - NNPACK is enabled
  - CPU capability usage: AVX2
  - CUDA Runtime 12.1
  - NVCC architecture flags: -gencode;arch=compute_50,code=sm_50;-gencode;arch=compute_60,code=sm_60;-gencode;arch=compute_61,code=sm_61;-gencode;arch=compute_70,code=sm_70;-gencode;arch=compute_75,code=sm_75;-gencode;arch=compute_80,code=sm_80;-gencode;arch=compute_86,code=sm_86;-gencode;arch=compute_90,code=sm_90
  - CuDNN 8.9.2
  - Magma 2.6.1
  - Build settings: BLAS_INFO=mkl, BUILD_TYPE=Release, CUDA_VERSION=12.1, CUDNN_VERSION=8.9.2, CXX_COMPILER=/opt/rh/devtoolset-9/root/usr/bin/c++, CXX_FLAGS= -D_GLIBCXX_USE_CXX11_ABI=0 -fabi-version=11 -fvisibility-inlines-hidden -DUSE_PTHREADPOOL -DNDEBUG -DUSE_KINETO -DLIBKINETO_NOROCTRACER -DUSE_FBGEMM -DUSE_QNNPACK -DUSE_PYTORCH_QNNPACK -DUSE_XNNPACK -DSYMBOLICATE_MOBILE_DEBUG_HANDLE -O2 -fPIC -Wall -Wextra -Werror=return-type -Werror=non-virtual-dtor -Werror=bool-operation -Wnarrowing -Wno-missing-field-initializers -Wno-type-limits -Wno-array-bounds -Wno-unknown-pragmas -Wno-unused-parameter -Wno-unused-function -Wno-unused-result -Wno-strict-overflow -Wno-strict-aliasing -Wno-stringop-overflow -Wno-psabi -Wno-error=pedantic -Wno-error=old-style-cast -Wno-invalid-partial-specialization -Wno-unused-private-field -Wno-aligned-allocation-unavailable -Wno-missing-braces -fdiagnostics-color=always -faligned-new -Wno-unused-but-set-variable -Wno-maybe-uninitialized -fno-math-errno -fno-trapping-math -Werror=format -Werror=cast-function-type -Wno-stringop-overflow, LAPACK_INFO=mkl, PERF_WITH_AVX=1, PERF_WITH_AVX2=1, PERF_WITH_AVX512=1, TORCH_DISABLE_GPU_ASSERTS=ON, TORCH_VERSION=2.1.2, USE_CUDA=ON, USE_CUDNN=ON, USE_EXCEPTION_PTR=1, USE_GFLAGS=OFF, USE_GLOG=OFF, USE_MKL=ON, USE_MKLDNN=ON, USE_MPI=OFF, USE_NCCL=ON, USE_NNPACK=ON, USE_OPENMP=ON, USE_ROCM=OFF, 

    TorchVision: 0.16.2
    OpenCV: 4.9.0
    MMEngine: 0.10.2

Runtime environment:
    cudnn_benchmark: False
    dist_cfg: {'backend': 'nccl'}
    mp_cfg: {'mp_start_method': 'fork', 'opencv_num_threads': 0}
    seed: 1503124771
    Distributed launcher: none
    Distributed training: False
    GPU number: 1
------------------------------------------------------------

2024/01/18 15:31:03 - mmengine - INFO - Config:
auto_scale_lr = dict(base_batch_size=16, enable=False)
backend_args = None
classes = ('seedling', )
data_root = '/home/hasnatpie/thesis01/seedling_mm/'
dataset_type = 'CocoDataset'
default_hooks = dict(
    checkpoint=dict(interval=1, type='CheckpointHook'),
    logger=dict(interval=50, type='LoggerHook'),
    param_scheduler=dict(type='ParamSchedulerHook'),
    sampler_seed=dict(type='DistSamplerSeedHook'),
    timer=dict(type='IterTimerHook'),
    visualization=dict(
        draw=True,
        test_out_dir=
        '/home/hasnatpie/thesis01/results_spikenet10/test_results/test_images',
        type='DetVisualizationHook'))
default_scope = 'mmdet'
env_cfg = dict(
    cudnn_benchmark=False,
    dist_cfg=dict(backend='nccl'),
    mp_cfg=dict(mp_start_method='fork', opencv_num_threads=0))
launcher = 'none'
load_from = '/home/hasnatpie/thesis01/results_spikenet10/epoch_10.pth'
log_level = 'INFO'
log_processor = dict(by_epoch=True, type='LogProcessor', window_size=50)
model = dict(
    backbone=dict(
        dcn=dict(deform_groups=1, fallback_on_stride=False, type='DCN'),
        depth=50,
        frozen_stages=1,
        init_cfg=dict(checkpoint='torchvision://resnet50', type='Pretrained'),
        norm_cfg=dict(requires_grad=True, type='BN'),
        norm_eval=True,
        num_stages=4,
        out_indices=(
            0,
            1,
            2,
            3,
        ),
        stage_with_dcn=(
            False,
            True,
            True,
            True,
        ),
        style='pytorch',
        type='ResNet'),
    data_preprocessor=dict(
        bgr_to_rgb=True,
        mean=[
            123.675,
            116.28,
            103.53,
        ],
        pad_mask=True,
        pad_size_divisor=32,
        std=[
            58.395,
            57.12,
            57.375,
        ],
        type='DetDataPreprocessor'),
    neck=[
        dict(
            in_channels=[
                256,
                512,
                1024,
                2048,
            ],
            num_outs=5,
            out_channels=256,
            type='FPN'),
        dict(in_channels=256, num_levels=5, type='BFP'),
    ],
    roi_head=dict(
        bbox_head=[
            dict(
                bbox_coder=dict(
                    num_buckets=14,
                    scale_factor=1.7,
                    type='BucketingBBoxCoder'),
                cls_in_channels=256,
                cls_out_channels=1024,
                loss_bbox_cls=dict(
                    loss_weight=1.0, type='CrossEntropyLoss',
                    use_sigmoid=True),
                loss_bbox_reg=dict(
                    beta=0.1, loss_weight=1.0, type='SmoothL1Loss'),
                loss_cls=dict(
                    loss_weight=1.0,
                    type='CrossEntropyLoss',
                    use_sigmoid=False),
                norm_cfg=None,
                num_classes=1,
                num_cls_fcs=1,
                num_reg_fcs=0,
                reg_class_agnostic=True,
                reg_cls_out_channels=256,
                reg_feat_up_ratio=2,
                reg_in_channels=256,
                reg_offset_out_channels=256,
                reg_post_kernel=3,
                reg_post_num=1,
                reg_pre_kernel=3,
                reg_pre_num=2,
                roi_feat_size=7,
                type='SABLHead'),
            dict(
                bbox_coder=dict(
                    num_buckets=14,
                    scale_factor=1.5,
                    type='BucketingBBoxCoder'),
                cls_in_channels=256,
                cls_out_channels=1024,
                loss_bbox_cls=dict(
                    loss_weight=1.0, type='CrossEntropyLoss',
                    use_sigmoid=True),
                loss_bbox_reg=dict(
                    beta=0.1, loss_weight=1.0, type='SmoothL1Loss'),
                loss_cls=dict(
                    loss_weight=1.0,
                    type='CrossEntropyLoss',
                    use_sigmoid=False),
                norm_cfg=None,
                num_classes=1,
                num_cls_fcs=1,
                num_reg_fcs=0,
                reg_class_agnostic=True,
                reg_cls_out_channels=256,
                reg_feat_up_ratio=2,
                reg_in_channels=256,
                reg_offset_out_channels=256,
                reg_post_kernel=3,
                reg_post_num=1,
                reg_pre_kernel=3,
                reg_pre_num=2,
                roi_feat_size=7,
                type='SABLHead'),
            dict(
                bbox_coder=dict(
                    num_buckets=14,
                    scale_factor=1.3,
                    type='BucketingBBoxCoder'),
                cls_in_channels=256,
                cls_out_channels=1024,
                loss_bbox_cls=dict(
                    loss_weight=1.0, type='CrossEntropyLoss',
                    use_sigmoid=True),
                loss_bbox_reg=dict(
                    beta=0.1, loss_weight=1.0, type='SmoothL1Loss'),
                loss_cls=dict(
                    loss_weight=1.0,
                    type='CrossEntropyLoss',
                    use_sigmoid=False),
                norm_cfg=None,
                num_classes=1,
                num_cls_fcs=1,
                num_reg_fcs=0,
                reg_class_agnostic=True,
                reg_cls_out_channels=256,
                reg_feat_up_ratio=2,
                reg_in_channels=256,
                reg_offset_out_channels=256,
                reg_post_kernel=3,
                reg_post_num=1,
                reg_pre_kernel=3,
                reg_pre_num=2,
                roi_feat_size=7,
                type='SABLHead'),
        ],
        bbox_roi_extractor=dict(
            aggregation='sum',
            featmap_strides=[
                4,
                8,
                16,
                32,
            ],
            out_channels=256,
            post_cfg=dict(
                attention_type='0100',
                in_channels=256,
                kv_stride=2,
                num_heads=6,
                spatial_range=-1,
                type='GeneralizedAttention'),
            pre_cfg=dict(
                in_channels=256,
                inplace=False,
                kernel_size=5,
                out_channels=256,
                padding=2,
                type='ConvModule'),
            roi_layer=dict(output_size=7, sampling_ratio=2, type='RoIAlign'),
            type='GenericRoIExtractor'),
        mask_head=dict(
            conv_out_channels=256,
            in_channels=256,
            loss_mask=dict(
                loss_weight=1.0, type='CrossEntropyLoss', use_mask=True),
            num_classes=1,
            num_convs=4,
            type='FCNMaskHead'),
        mask_roi_extractor=dict(
            featmap_strides=[
                4,
                8,
                16,
                32,
            ],
            out_channels=256,
            post_cfg=dict(
                attention_type='0100',
                in_channels=256,
                kv_stride=2,
                num_heads=6,
                spatial_range=-1,
                type='GeneralizedAttention'),
            pre_cfg=dict(
                in_channels=256,
                inplace=False,
                kernel_size=5,
                out_channels=256,
                padding=2,
                type='ConvModule'),
            roi_layer=dict(output_size=14, sampling_ratio=2, type='RoIAlign'),
            type='GenericRoIExtractor'),
        num_stages=3,
        stage_loss_weights=[
            1,
            0.5,
            0.25,
        ],
        type='CascadeRoIHead'),
    rpn_head=dict(
        anchor_generator=dict(
            ratios=[
                0.5,
                1.0,
                2.0,
            ],
            scales=[
                8,
            ],
            strides=[
                4,
                8,
                16,
                32,
                64,
            ],
            type='AnchorGenerator'),
        bbox_coder=dict(
            target_means=[
                0.0,
                0.0,
                0.0,
                0.0,
            ],
            target_stds=[
                1.0,
                1.0,
                1.0,
                1.0,
            ],
            type='DeltaXYWHBBoxCoder'),
        feat_channels=256,
        in_channels=256,
        loss_bbox=dict(
            beta=0.1111111111111111, loss_weight=1.0, type='SmoothL1Loss'),
        loss_cls=dict(
            loss_weight=1.0, type='CrossEntropyLoss', use_sigmoid=True),
        type='RPNHead'),
    test_cfg=dict(
        rcnn=dict(
            mask_thr_binary=0.5,
            max_per_img=100,
            nms=dict(iou_threshold=0.5, type='nms'),
            score_thr=0.5),
        rpn=dict(
            max_per_img=1000,
            min_bbox_size=0,
            nms=dict(iou_threshold=0.7, type='nms'),
            nms_pre=1000)),
    train_cfg=dict(
        rcnn=[
            dict(
                assigner=dict(
                    ignore_iof_thr=-1,
                    match_low_quality=False,
                    min_pos_iou=0.5,
                    neg_iou_thr=0.5,
                    pos_iou_thr=0.5,
                    type='MaxIoUAssigner'),
                debug=False,
                mask_size=28,
                pos_weight=-1,
                sampler=dict(
                    add_gt_as_proposals=True,
                    neg_pos_ub=-1,
                    num=512,
                    pos_fraction=0.25,
                    type='RandomSampler')),
            dict(
                assigner=dict(
                    ignore_iof_thr=-1,
                    match_low_quality=False,
                    min_pos_iou=0.6,
                    neg_iou_thr=0.6,
                    pos_iou_thr=0.6,
                    type='MaxIoUAssigner'),
                debug=False,
                mask_size=28,
                pos_weight=-1,
                sampler=dict(
                    add_gt_as_proposals=True,
                    neg_pos_ub=-1,
                    num=512,
                    pos_fraction=0.25,
                    type='RandomSampler')),
            dict(
                assigner=dict(
                    ignore_iof_thr=-1,
                    match_low_quality=False,
                    min_pos_iou=0.7,
                    neg_iou_thr=0.7,
                    pos_iou_thr=0.7,
                    type='MaxIoUAssigner'),
                debug=False,
                mask_size=28,
                pos_weight=-1,
                sampler=dict(
                    add_gt_as_proposals=True,
                    neg_pos_ub=-1,
                    num=512,
                    pos_fraction=0.25,
                    type='RandomSampler')),
        ],
        rpn=dict(
            allowed_border=0,
            assigner=dict(
                ignore_iof_thr=-1,
                match_low_quality=True,
                min_pos_iou=0.5,
                neg_iou_thr=0.5,
                pos_iou_thr=0.7,
                type='MaxIoUAssigner'),
            debug=False,
            pos_weight=-1,
            sampler=dict(
                add_gt_as_proposals=False,
                neg_pos_ub=-1,
                num=256,
                pos_fraction=0.5,
                type='RandomSampler')),
        rpn_proposal=dict(
            max_per_img=2000,
            min_bbox_size=0,
            nms=dict(iou_threshold=0.7, type='nms'),
            nms_pre=2000)),
    type='CascadeRCNN')
optim_wrapper = dict(
    optimizer=dict(lr=0.02, momentum=0.9, type='SGD', weight_decay=0.0001),
    type='OptimWrapper')
palette = [
    (
        240,
        10,
        10,
    ),
]
param_scheduler = [
    dict(
        begin=0, by_epoch=False, end=500, start_factor=0.001, type='LinearLR'),
    dict(
        begin=0,
        by_epoch=True,
        end=12,
        gamma=0.1,
        milestones=[
            9,
            11,
        ],
        type='MultiStepLR'),
]
resume = False
test_cfg = dict(type='TestLoop')
test_dataloader = dict(
    batch_size=1,
    dataset=dict(
        ann_file='annotations/test_coco.json',
        backend_args=None,
        data_prefix=dict(img='test/'),
        data_root='/home/hasnatpie/thesis01/seedling_mm/',
        pipeline=[
            dict(backend_args=None, type='LoadImageFromFile'),
            dict(keep_ratio=True, scale=(
                1333,
                800,
            ), type='Resize'),
            dict(type='LoadAnnotations', with_bbox=True, with_mask=True),
            dict(
                meta_keys=(
                    'img_id',
                    'img_path',
                    'ori_shape',
                    'img_shape',
                    'scale_factor',
                ),
                type='PackDetInputs'),
        ],
        test_mode=True,
        type='CocoDataset'),
    drop_last=False,
    num_workers=2,
    persistent_workers=True,
    sampler=dict(shuffle=False, type='DefaultSampler'))
test_evaluator = dict(
    ann_file='/home/hasnatpie/thesis01/seedling_mm/annotations/test_coco.json',
    backend_args=None,
    metric=[
        'bbox',
        'segm',
    ],
    type='CocoMetric')
test_pipeline = [
    dict(backend_args=None, type='LoadImageFromFile'),
    dict(keep_ratio=True, scale=(
        1333,
        800,
    ), type='Resize'),
    dict(type='LoadAnnotations', with_bbox=True, with_mask=True),
    dict(
        meta_keys=(
            'img_id',
            'img_path',
            'ori_shape',
            'img_shape',
            'scale_factor',
        ),
        type='PackDetInputs'),
]
train_cfg = dict(max_epochs=12, type='EpochBasedTrainLoop', val_interval=1)
train_dataloader = dict(
    batch_sampler=dict(type='AspectRatioBatchSampler'),
    batch_size=2,
    dataset=dict(
        dataset=dict(
            ann_file='annotations/train_coco.json',
            backend_args=None,
            data_prefix=dict(img='train/'),
            data_root='/home/hasnatpie/thesis01/seedling_mm/',
            filter_cfg=dict(filter_empty_gt=True, min_size=32),
            pipeline=[
                dict(backend_args=None, type='LoadImageFromFile'),
                dict(type='LoadAnnotations', with_bbox=True, with_mask=True),
                dict(
                    keep_ratio=True,
                    scale=[
                        (
                            1333,
                            640,
                        ),
                        (
                            1333,
                            800,
                        ),
                    ],
                    type='RandomResize'),
                dict(prob=0.5, type='RandomFlip'),
                dict(type='PackDetInputs'),
            ],
            type='CocoDataset'),
        times=3,
        type='RepeatDataset'),
    num_workers=2,
    persistent_workers=True,
    sampler=dict(shuffle=True, type='DefaultSampler'))
train_pipeline = [
    dict(backend_args=None, type='LoadImageFromFile'),
    dict(type='LoadAnnotations', with_bbox=True, with_mask=True),
    dict(
        keep_ratio=True,
        scale=[
            (
                1333,
                640,
            ),
            (
                1333,
                800,
            ),
        ],
        type='RandomResize'),
    dict(prob=0.5, type='RandomFlip'),
    dict(type='PackDetInputs'),
]
val_cfg = dict(type='ValLoop')
val_dataloader = dict(
    batch_size=1,
    dataset=dict(
        ann_file='annotations/val_coco.json',
        backend_args=None,
        data_prefix=dict(img='valid/'),
        data_root='/home/hasnatpie/thesis01/seedling_mm/',
        pipeline=[
            dict(backend_args=None, type='LoadImageFromFile'),
            dict(keep_ratio=True, scale=(
                1333,
                800,
            ), type='Resize'),
            dict(type='LoadAnnotations', with_bbox=True, with_mask=True),
            dict(
                meta_keys=(
                    'img_id',
                    'img_path',
                    'ori_shape',
                    'img_shape',
                    'scale_factor',
                ),
                type='PackDetInputs'),
        ],
        test_mode=True,
        type='CocoDataset'),
    drop_last=False,
    num_workers=2,
    persistent_workers=True,
    sampler=dict(shuffle=False, type='DefaultSampler'))
val_evaluator = dict(
    ann_file='/home/hasnatpie/thesis01/seedling_mm/annotations/val_coco.json',
    backend_args=None,
    metric='bbox',
    type='CocoMetric')
vis_backends = [
    dict(type='LocalVisBackend'),
    dict(type='TensorboardVisBackend'),
]
visualizer = dict(
    name='visualizer',
    type='DetLocalVisualizer',
    vis_backends=[
        dict(type='LocalVisBackend'),
        dict(type='TensorboardVisBackend'),
    ])
work_dir = '/home/hasnatpie/thesis01/results_spikenet10'

2024/01/18 15:31:07 - mmengine - INFO - Distributed training is not used, all SyncBatchNorm (SyncBN) layers in the model will be automatically reverted to BatchNormXd layers if they are used.
2024/01/18 15:31:07 - mmengine - INFO - Hooks will be executed in the following order:
before_run:
(VERY_HIGH   ) RuntimeInfoHook                    
(BELOW_NORMAL) LoggerHook                         
 -------------------- 
before_train:
(VERY_HIGH   ) RuntimeInfoHook                    
(NORMAL      ) IterTimerHook                      
(VERY_LOW    ) CheckpointHook                     
 -------------------- 
before_train_epoch:
(VERY_HIGH   ) RuntimeInfoHook                    
(NORMAL      ) IterTimerHook                      
(NORMAL      ) DistSamplerSeedHook                
 -------------------- 
before_train_iter:
(VERY_HIGH   ) RuntimeInfoHook                    
(NORMAL      ) IterTimerHook                      
 -------------------- 
after_train_iter:
(VERY_HIGH   ) RuntimeInfoHook                    
(NORMAL      ) IterTimerHook                      
(BELOW_NORMAL) LoggerHook                         
(LOW         ) ParamSchedulerHook                 
(VERY_LOW    ) CheckpointHook                     
 -------------------- 
after_train_epoch:
(NORMAL      ) IterTimerHook                      
(LOW         ) ParamSchedulerHook                 
(VERY_LOW    ) CheckpointHook                     
 -------------------- 
before_val:
(VERY_HIGH   ) RuntimeInfoHook                    
 -------------------- 
before_val_epoch:
(NORMAL      ) IterTimerHook                      
 -------------------- 
before_val_iter:
(NORMAL      ) IterTimerHook                      
 -------------------- 
after_val_iter:
(NORMAL      ) IterTimerHook                      
(NORMAL      ) DetVisualizationHook               
(BELOW_NORMAL) LoggerHook                         
 -------------------- 
after_val_epoch:
(VERY_HIGH   ) RuntimeInfoHook                    
(NORMAL      ) IterTimerHook                      
(BELOW_NORMAL) LoggerHook                         
(LOW         ) ParamSchedulerHook                 
(VERY_LOW    ) CheckpointHook                     
 -------------------- 
after_val:
(VERY_HIGH   ) RuntimeInfoHook                    
 -------------------- 
after_train:
(VERY_HIGH   ) RuntimeInfoHook                    
(VERY_LOW    ) CheckpointHook                     
 -------------------- 
before_test:
(VERY_HIGH   ) RuntimeInfoHook                    
 -------------------- 
before_test_epoch:
(NORMAL      ) IterTimerHook                      
 -------------------- 
before_test_iter:
(NORMAL      ) IterTimerHook                      
 -------------------- 
after_test_iter:
(NORMAL      ) IterTimerHook                      
(NORMAL      ) DetVisualizationHook               
(BELOW_NORMAL) LoggerHook                         
 -------------------- 
after_test_epoch:
(VERY_HIGH   ) RuntimeInfoHook                    
(NORMAL      ) IterTimerHook                      
(BELOW_NORMAL) LoggerHook                         
 -------------------- 
after_test:
(VERY_HIGH   ) RuntimeInfoHook                    
 -------------------- 
after_run:
(BELOW_NORMAL) LoggerHook                         
 -------------------- 
2024/01/18 15:31:07 - mmengine - WARNING - The prefix is not set in metric class DumpDetResults.
2024/01/18 15:31:09 - mmengine - INFO - DeformConv2dPack backbone.layer2.0.conv2 is upgraded to version 2.
2024/01/18 15:31:09 - mmengine - INFO - DeformConv2dPack backbone.layer2.1.conv2 is upgraded to version 2.
2024/01/18 15:31:09 - mmengine - INFO - DeformConv2dPack backbone.layer2.2.conv2 is upgraded to version 2.
2024/01/18 15:31:09 - mmengine - INFO - DeformConv2dPack backbone.layer2.3.conv2 is upgraded to version 2.
2024/01/18 15:31:09 - mmengine - INFO - DeformConv2dPack backbone.layer3.0.conv2 is upgraded to version 2.
2024/01/18 15:31:09 - mmengine - INFO - DeformConv2dPack backbone.layer3.1.conv2 is upgraded to version 2.
2024/01/18 15:31:09 - mmengine - INFO - DeformConv2dPack backbone.layer3.2.conv2 is upgraded to version 2.
2024/01/18 15:31:09 - mmengine - INFO - DeformConv2dPack backbone.layer3.3.conv2 is upgraded to version 2.
2024/01/18 15:31:09 - mmengine - INFO - DeformConv2dPack backbone.layer3.4.conv2 is upgraded to version 2.
2024/01/18 15:31:09 - mmengine - INFO - DeformConv2dPack backbone.layer3.5.conv2 is upgraded to version 2.
2024/01/18 15:31:09 - mmengine - INFO - DeformConv2dPack backbone.layer4.0.conv2 is upgraded to version 2.
2024/01/18 15:31:09 - mmengine - INFO - DeformConv2dPack backbone.layer4.1.conv2 is upgraded to version 2.
2024/01/18 15:31:09 - mmengine - INFO - DeformConv2dPack backbone.layer4.2.conv2 is upgraded to version 2.
2024/01/18 15:31:09 - mmengine - INFO - Load checkpoint from /home/hasnatpie/thesis01/results_spikenet10/epoch_10.pth
2024/01/18 15:31:40 - mmengine - INFO - Epoch(test) [50/72]    eta: 0:00:13  time: 0.5950  data_time: 0.3219  memory: 990  
2024/01/18 15:31:52 - mmengine - INFO - Evaluating bbox...
2024/01/18 15:31:52 - mmengine - INFO - bbox_mAP_copypaste: 0.682 0.906 0.780 0.643 0.756 -1.000
2024/01/18 15:31:52 - mmengine - INFO - Evaluating segm...
2024/01/18 15:31:52 - mmengine - INFO - segm_mAP_copypaste: 0.653 0.895 0.759 0.605 0.741 -1.000
2024/01/18 15:31:52 - mmengine - INFO - Results has been saved to /home/hasnatpie/thesis01/results_spikenet10/results.pkl.
2024/01/18 15:31:52 - mmengine - INFO - Epoch(test) [72/72]    coco/bbox_mAP: 0.6820  coco/bbox_mAP_50: 0.9060  coco/bbox_mAP_75: 0.7800  coco/bbox_mAP_s: 0.6430  coco/bbox_mAP_m: 0.7560  coco/bbox_mAP_l: -1.0000  coco/segm_mAP: 0.6530  coco/segm_mAP_50: 0.8950  coco/segm_mAP_75: 0.7590  coco/segm_mAP_s: 0.6050  coco/segm_mAP_m: 0.7410  coco/segm_mAP_l: -1.0000  data_time: 0.3208  time: 0.5861
